// Jest Snapshot v1, https://goo.gl/fbAQLP

exports[`when diffing two MAST data structures produces correct output 1`] = `
Array [
  Object {
    "action": "removeElement",
    "element": Object {
      "attributes": Array [
        "horizontal",
      ],
      "childNodes": Array [
        Object {
          "attributes": Array [],
          "childNodes": null,
          "location": Object {
            "column": 104,
            "line": 37,
          },
          "nodeName": "db:no-operation-selected",
          "original-labels": null,
          "original-type": "component",
          "other-attributes": Object {
            "description": "Flush the convolver prisms",
            "hash": 579843109,
            "tag-name": "db:no-operation-selected",
          },
        },
        Object {
          "attributes": Array [
            "vertical",
          ],
          "childNodes": Array [
            Object {
              "attributes": Array [
                "horizontal",
              ],
              "childNodes": Array [
                Object {
                  "attributes": Array [],
                  "childNodes": null,
                  "location": Object {
                    "column": 86,
                    "line": 40,
                  },
                  "nodeName": "s3:no-operation-selected",
                  "original-labels": null,
                  "original-type": "component",
                  "other-attributes": Object {
                    "description": "Fetch more prisms",
                    "hash": 881435866,
                    "tag-name": "s3:no-operation-selected",
                  },
                },
                Object {
                  "attributes": Array [],
                  "childNodes": null,
                  "location": Object {
                    "column": 77,
                    "line": 41,
                  },
                  "nodeName": "logger",
                  "original-labels": null,
                  "original-type": "component",
                  "other-attributes": Object {
                    "description": "Log number of fanglehockeys",
                    "hash": 543925965,
                    "tag-name": "logger",
                  },
                },
              ],
              "location": Object {
                "column": 32,
                "line": 39,
              },
              "nodeName": "when",
              "original-labels": null,
              "original-type": "container",
              "other-attributes": Object {
                "description": null,
                "hash": 2014296490,
                "tag-name": "when",
              },
            },
            Object {
              "attributes": Array [
                "horizontal",
              ],
              "childNodes": Array [
                Object {
                  "attributes": Array [],
                  "childNodes": null,
                  "location": Object {
                    "column": 73,
                    "line": 44,
                  },
                  "nodeName": "logger",
                  "original-labels": null,
                  "original-type": "component",
                  "other-attributes": Object {
                    "description": "Log Error",
                    "hash": -818462707,
                    "tag-name": "logger",
                  },
                },
              ],
              "location": Object {
                "column": 23,
                "line": 43,
              },
              "nodeName": "otherwise",
              "original-labels": null,
              "original-type": "container",
              "other-attributes": Object {
                "description": null,
                "hash": -15128758,
                "tag-name": "otherwise",
              },
            },
          ],
          "location": Object {
            "column": 48,
            "line": 38,
          },
          "nodeName": "choice",
          "original-labels": null,
          "original-type": "container",
          "other-attributes": Object {
            "description": "Did the flush occur?",
            "hash": -1105159260,
            "tag-name": "choice",
          },
        },
      ],
      "location": Object {
        "column": 49,
        "line": 36,
      },
      "nodeName": "sub-flow",
      "original-labels": null,
      "original-type": "container",
      "other-attributes": Object {
        "description": "example:/expunge-convolvers",
        "hash": 1066677628,
        "tag-name": "sub-flow",
      },
    },
    "route": Array [
      1,
    ],
  },
  Object {
    "action": "addElement",
    "element": Object {
      "attributes": Array [],
      "childNodes": null,
      "location": Object {
        "column": 72,
        "line": 14,
      },
      "nodeName": "set-payload",
      "original-labels": null,
      "original-type": "component",
      "other-attributes": Object {
        "description": "Overwrite the payload",
        "hash": 266487046,
        "tag-name": "set-payload",
      },
    },
    "route": Array [
      0,
      0,
      0,
    ],
  },
  Object {
    "action": "removeElement",
    "element": Object {
      "attributes": Array [],
      "childNodes": null,
      "location": Object {
        "column": 78,
        "line": 18,
      },
      "nodeName": "expression-filter",
      "original-labels": null,
      "original-type": "component",
      "other-attributes": Object {
        "description": "Filter recalcitrant ions",
        "hash": -2096291590,
        "tag-name": "expression-filter",
      },
    },
    "route": Array [
      0,
      0,
      5,
    ],
  },
  Object {
    "action": "addElement",
    "element": Object {
      "attributes": Array [],
      "childNodes": null,
      "location": Object {
        "column": 57,
        "line": 37,
      },
      "nodeName": "set-payload",
      "original-labels": null,
      "original-type": "component",
      "other-attributes": Object {
        "description": "Nothing to see here",
        "hash": 54737936,
        "tag-name": "set-payload",
      },
    },
    "route": Array [
      0,
      1,
      0,
      0,
    ],
  },
  Object {
    "action": "addElement",
    "element": Object {
      "attributes": Array [],
      "childNodes": null,
      "location": Object {
        "column": 123,
        "line": 20,
      },
      "nodeName": "flow-ref",
      "original-labels": null,
      "original-type": "component",
      "other-attributes": Object {
        "description": "example:/strain-overflow-noodle-requests",
        "hash": -2070961420,
        "tag-name": "flow-ref",
      },
    },
    "route": Array [
      0,
      0,
      5,
      0,
    ],
  },
  Object {
    "action": "addElement",
    "element": Object {
      "attributes": Array [],
      "childNodes": null,
      "location": Object {
        "column": 123,
        "line": 21,
      },
      "nodeName": "flow-ref",
      "original-labels": null,
      "original-type": "component",
      "other-attributes": Object {
        "description": "example:/strain-overflow-noodle-requests",
        "hash": -2070961420,
        "tag-name": "flow-ref",
      },
    },
    "route": Array [
      0,
      0,
      5,
      1,
    ],
  },
  Object {
    "action": "addElement",
    "element": Object {
      "attributes": Array [],
      "childNodes": null,
      "location": Object {
        "column": 123,
        "line": 22,
      },
      "nodeName": "flow-ref",
      "original-labels": null,
      "original-type": "component",
      "other-attributes": Object {
        "description": "example:/strain-overflow-noodle-requests",
        "hash": -2070961420,
        "tag-name": "flow-ref",
      },
    },
    "route": Array [
      0,
      0,
      5,
      2,
    ],
  },
  Object {
    "action": "addElement",
    "element": Object {
      "attributes": Array [],
      "childNodes": null,
      "location": Object {
        "column": 123,
        "line": 23,
      },
      "nodeName": "flow-ref",
      "original-labels": null,
      "original-type": "component",
      "other-attributes": Object {
        "description": "example:/strain-overflow-noodle-requests",
        "hash": -2070961420,
        "tag-name": "flow-ref",
      },
    },
    "route": Array [
      0,
      0,
      5,
      3,
    ],
  },
  Object {
    "action": "addElement",
    "element": Object {
      "attributes": Array [],
      "childNodes": null,
      "location": Object {
        "column": 50,
        "line": 35,
      },
      "nodeName": "set-payload",
      "original-labels": null,
      "original-type": "component",
      "other-attributes": Object {
        "description": "Server Noodles 2",
        "hash": 798826535,
        "tag-name": "set-payload",
      },
    },
    "route": Array [
      0,
      0,
      8,
    ],
  },
]
`;
